admin:
    address:
        socket_address:
            address: 127.0.0.1
            port_value: 9901
static_resources:
    clusters:
        - connect_timeout: 10s
          dns_lookup_family: V4_ONLY
          load_assignment:
            cluster_name: tcp_github_com_22
            endpoints:
                - lb_endpoints:
                    - endpoint:
                        address:
                            socket_address:
                                address: github.com
                                port_value: 22
          name: tcp_github_com_22
          type: LOGICAL_DNS
    listeners:
        - address:
            socket_address:
                address: 0.0.0.0
                port_value: 10001
          filter_chains:
            - filters:
                - name: envoy.filters.network.http_connection_manager
                  typed_config:
                    '@type': type.googleapis.com/envoy.extensions.filters.network.http_connection_manager.v3.HttpConnectionManager
                    http_filters:
                        - name: envoy.filters.http.router
                          typed_config:
                            '@type': type.googleapis.com/envoy.extensions.filters.http.router.v3.Router
                    route_config:
                        virtual_hosts:
                            - domains:
                                - '*'
                              name: health
                              routes:
                                - direct_response:
                                    body:
                                        inline_string: ok
                                    status: 200
                                  match:
                                    prefix: /
                                  metadata:
                                    filter_metadata:
                                        clawker:
                                            action: allowed
                    stat_prefix: health_check
          name: health_check
        - address:
            socket_address:
                address: 0.0.0.0
                port_value: 15000
          filter_chains:
            - filters:
                - name: envoy.filters.network.tcp_proxy
                  typed_config:
                    '@type': type.googleapis.com/envoy.extensions.filters.network.tcp_proxy.v3.TcpProxy
                    access_log:
                        - name: envoy.access_loggers.stdout
                          typed_config:
                            '@type': type.googleapis.com/envoy.extensions.access_loggers.stream.v3.StdoutAccessLog
                            log_format:
                                json_format:
                                    action: allowed
                                    bytes_received: '%BYTES_RECEIVED%'
                                    bytes_sent: '%BYTES_SENT%'
                                    client.address: '%DOWNSTREAM_REMOTE_ADDRESS_WITHOUT_PORT%'
                                    duration_ms: '%DURATION%'
                                    listener_ip: '%DOWNSTREAM_LOCAL_ADDRESS_WITHOUT_PORT%'
                                    network.peer.address: '%UPSTREAM_REMOTE_ADDRESS_WITHOUT_PORT%'
                                    network.peer.port: '%UPSTREAM_REMOTE_PORT%'
                                    network.protocol.name: ssh
                                    network.transport: tcp
                                    response_flags: '%RESPONSE_FLAGS%'
                                    server.address: github.com
                                    tls.cipher: '%DOWNSTREAM_TLS_CIPHER%'
                                    tls.established: "false"
                                    tls.protocol.version: '%DOWNSTREAM_TLS_VERSION%'
                                    upstream_bytes_received: '%UPSTREAM_WIRE_BYTES_RECEIVED%'
                                    upstream_bytes_sent: '%UPSTREAM_WIRE_BYTES_SENT%'
                                    upstream_tls_cipher: '%UPSTREAM_TLS_CIPHER%'
                                    upstream_tls_version: '%UPSTREAM_TLS_VERSION%'
                    cluster: tcp_github_com_22
                    stat_prefix: tcp_github_com_22
          name: tcp_github_com_22
