 [37mIMAGE[0m     [37mID[0m         [37mCREATED[0m    [37mSIZE[0m   
 [91mclawker-[0m  a1b2c3d4e  2 months   256.00 
 [91mfawker-[0m   5f6        ago        MB     
 [91mdemo:lat[0m                               
 [91mest[0m                                    
 [91mnode:20-[0m  a1b2c3d4e  2 months   256.00 
 [91mslim[0m      5f6        ago        MB     
